[26/01/2026 10:33:56.60] ====== LAUNCHER STARTED ====== 
[26/01/2026 10:33:56.61] Phase 1: Terminating ALL Python processes... 
[26/01/2026 10:33:56.64] Step 1a: Killing all python.exe processes... 
[26/01/2026 10:34:58.64] Step 1b: Killing all pythonw.exe processes... 
[26/01/2026 10:35:03.18] Step 2: Verifying ports are free... 
[26/01/2026 10:35:03.18] Extra kill PID 994692 on port 8000 
[26/01/2026 10:35:03.18] Extra kill PID 994692 on port 8000 
[26/01/2026 10:35:09.32] Extra kill PID 1141944 on port 5000 
[26/01/2026 10:35:09.32] Extra kill PID 16668 on port 5000 
[26/01/2026 10:37:13.15] Phase 1: Complete - All Python processes terminated 
[26/01/2026 10:37:13.16] Phase 2: Clearing Python cache... 
[26/01/2026 10:37:13.19] Phase 2: Complete 
[26/01/2026 10:37:13.21] Phase 3: Validating ports are free... 
[26/01/2026 10:37:13.27] Port 8000: FREE 
[26/01/2026 10:37:13.31] Port 5000: Still in use - attempting cleanup 
[26/01/2026 10:37:13.31] Killed stubborn PID 1141944 on 5000 
[26/01/2026 10:37:13.31] Killed stubborn PID 16668 on 5000 
[26/01/2026 10:39:18.20] Phase 3: Complete 
[26/01/2026 10:39:18.21] Phase 4: Checking dependencies... 
[26/01/2026 10:39:19.76] Phase 4: Complete 
[26/01/2026 10:39:19.77] Phase 5: Starting Dashboard Server on port 8000... 
[26/01/2026 10:39:21.25] Dashboard server started successfully 
[26/01/2026 10:39:21.25] Phase 5: Complete 
[26/01/2026 10:39:21.27] Phase 6: Starting Update Server on port 5000... 
[26/01/2026 10:39:24.24] Update server started successfully 
[26/01/2026 10:39:24.25] Phase 6: Complete 
[26/01/2026 10:39:24.27] ====== LAUNCHER COMPLETE ====== 
 
[26/01/2026 10:42:14.33] ====== LAUNCHER STARTED ====== 
[26/01/2026 10:42:14.34] Phase 1: Terminating ALL Python processes... 
[26/01/2026 10:42:14.36] Step 1a: Killing all python.exe processes... 
[26/01/2026 10:43:16.28] Step 1b: Killing all pythonw.exe processes... 
[26/01/2026 10:44:08.20] Step 2: Verifying ports are free... 
[26/01/2026 10:44:08.20] Extra kill PID 692112 on port 8000 
[26/01/2026 10:44:08.20] Extra kill PID 692112 on port 8000 
[26/01/2026 10:44:20.60] Extra kill PID 884116 on port 5000 
[26/01/2026 10:46:04.06] ====== LAUNCHER STARTED ====== 
[26/01/2026 10:46:04.07] Phase 1: Terminating ALL Python processes... 
[26/01/2026 10:46:04.11] Step 1a: Killing all python.exe processes... 
[26/01/2026 10:44:20.60] Extra kill PID 1141944 on port 5000 
[26/01/2026 10:47:06.00] Step 1b: Killing all pythonw.exe processes... 
[26/01/2026 10:44:20.60] Extra kill PID 16668 on port 5000 
[26/01/2026 10:47:27.13] Phase 1: Complete - All Python processes terminated 
[26/01/2026 10:47:27.15] Phase 2: Clearing Python cache... 
[26/01/2026 10:47:27.20] Phase 2: Complete 
[26/01/2026 10:47:27.23] Phase 3: Validating ports are free... 
[26/01/2026 10:47:27.36] Port 8000: FREE 
[26/01/2026 10:47:27.48] Port 5000: Still in use - attempting cleanup 
[26/01/2026 10:47:27.48] Killed stubborn PID 16668 on 5000 
[26/01/2026 10:48:08.02] ====== LAUNCHER STARTED ====== 
[26/01/2026 10:48:08.02] Phase 1: Terminating ALL Python processes... 
[26/01/2026 10:48:08.06] Step 1a: Killing all python.exe processes... 
[26/01/2026 10:48:08.19] Step 2: Verifying ports are free... 
[26/01/2026 10:47:27.48] Killed stubborn PID 884116 on 5000 
[26/01/2026 10:48:08.34] Extra kill PID 1141944 on port 5000 
[26/01/2026 10:47:27.48] Killed stubborn PID 1141944 on 5000 
[26/01/2026 10:49:36.22] Phase 3: Complete 
[26/01/2026 10:49:36.23] Phase 4: Checking dependencies... 
[26/01/2026 10:49:38.71] Phase 4: Complete 
[26/01/2026 10:49:38.71] Phase 5: Starting Dashboard Server on port 8000... 
[26/01/2026 10:49:40.22] Dashboard server started successfully 
[26/01/2026 10:49:40.23] Phase 5: Complete 
[26/01/2026 10:49:40.26] Phase 6: Starting Update Server on port 5000... 
[26/01/2026 10:49:44.46] Update server started successfully 
[26/01/2026 10:49:44.51] Phase 6: Complete 
[26/01/2026 10:49:44.60] ====== LAUNCHER COMPLETE ====== 
 
[26/01/2026 10:50:11.28] Step 1b: Killing all pythonw.exe processes... 
[26/01/2026 10:48:08.34] Extra kill PID 884116 on port 5000 
[26/01/2026 10:50:13.16] Phase 1: Complete - All Python processes terminated 
[26/01/2026 10:50:13.16] Phase 2: Clearing Python cache... 
[26/01/2026 10:50:13.22] Phase 2: Complete 
[26/01/2026 10:50:13.23] Phase 3: Validating ports are free... 
[26/01/2026 10:50:13.38] Port 8000: Still in use - attempting cleanup 
[26/01/2026 10:51:14.14] Step 2: Verifying ports are free... 
[26/01/2026 10:50:13.38] Killed stubborn PID 965644 on 8000 
[26/01/2026 10:52:01.64] ====== LAUNCHER STARTED ====== 
[26/01/2026 10:52:01.66] Phase 1: Terminating ALL Python processes... 
[26/01/2026 10:52:01.71] Step 1a: Killing all python.exe processes... 
[26/01/2026 10:51:14.14] Extra kill PID 965644 on port 8000 
[26/01/2026 10:50:13.38] Killed stubborn PID 965644 on 8000 
[26/01/2026 10:52:17.13] Port 5000: Still in use - attempting cleanup 
[26/01/2026 10:52:57.55] ====== LAUNCHER STARTED ====== 
[26/01/2026 10:52:57.58] Phase 1: Terminating ALL Python processes... 
[26/01/2026 10:52:57.61] Step 1a: Killing all python.exe processes... 
[26/01/2026 10:53:04.55] Step 1b: Killing all pythonw.exe processes... 
[26/01/2026 10:51:14.14] Extra kill PID 965644 on port 8000 
[26/01/2026 10:52:17.13] Killed stubborn PID 1070648 on 5000 
[26/01/2026 10:53:18.44] Extra kill PID 884116 on port 5000 
[26/01/2026 10:53:59.47] Step 1b: Killing all pythonw.exe processes... 
[26/01/2026 10:54:08.13] Step 2: Verifying ports are free... 
[26/01/2026 10:52:17.13] Killed stubborn PID 884116 on 5000 
[26/01/2026 10:54:22.13] Phase 3: Complete 
[26/01/2026 10:54:22.15] Phase 4: Checking dependencies... 
[26/01/2026 10:54:25.14] Phase 4: Complete 
[26/01/2026 10:54:25.16] Phase 5: Starting Dashboard Server on port 8000... 
[26/01/2026 10:54:27.18] Dashboard server started successfully 
[26/01/2026 10:54:27.18] Phase 5: Complete 
[26/01/2026 10:54:27.20] Phase 6: Starting Update Server on port 5000... 
[26/01/2026 10:53:18.44] Extra kill PID 1070648 on port 5000 
[26/01/2026 10:54:29.22] Phase 1: Complete - All Python processes terminated 
[26/01/2026 10:54:29.22] Phase 2: Clearing Python cache... 
[26/01/2026 10:54:29.26] Phase 2: Complete 
[26/01/2026 10:54:29.27] Phase 3: Validating ports are free... 
[26/01/2026 10:54:29.35] Port 8000: Still in use - attempting cleanup 
[26/01/2026 10:54:30.17] Update server started successfully 
[26/01/2026 10:54:30.17] Phase 6: Complete 
[26/01/2026 10:54:30.19] ====== LAUNCHER COMPLETE ====== 
 
[26/01/2026 10:55:02.14] Step 2: Verifying ports are free... 
[26/01/2026 10:54:08.15] Extra kill PID 965644 on port 8000 
[26/01/2026 10:54:29.35] Killed stubborn PID 965644 on 8000 
[26/01/2026 10:55:02.24] Extra kill PID 1093376 on port 8000 
[26/01/2026 10:55:02.24] Extra kill PID 965644 on port 8000 
[26/01/2026 10:54:08.15] Extra kill PID 965644 on port 8000 
[26/01/2026 10:54:29.35] Killed stubborn PID 1093376 on 8000 
[26/01/2026 10:55:02.24] Extra kill PID 1093376 on port 8000 
[26/01/2026 10:56:11.98] Extra kill PID 1070648 on port 5000 
[26/01/2026 10:56:11.98] Extra kill PID 2146952 on port 5000 
[26/01/2026 10:57:17.19] Phase 1: Complete - All Python processes terminated 
[26/01/2026 10:57:17.20] Phase 2: Clearing Python cache... 
[26/01/2026 10:57:17.22] Phase 2: Complete 
[26/01/2026 10:57:17.23] Phase 3: Validating ports are free... 
[26/01/2026 10:57:17.29] Port 8000: FREE 
[26/01/2026 10:57:17.33] Port 5000: Still in use - attempting cleanup 
[26/01/2026 10:54:29.35] Killed stubborn PID 1093376 on 8000 
[26/01/2026 10:55:02.24] Extra kill PID 965644 on port 8000 
[26/01/2026 10:57:17.33] Killed stubborn PID 1070648 on 5000 
[26/01/2026 10:58:20.17] Phase 3: Complete 
[26/01/2026 10:58:20.19] Phase 4: Checking dependencies... 
[26/01/2026 10:54:29.35] Killed stubborn PID 965644 on 8000 
[26/01/2026 10:58:23.44] Port 5000: Still in use - attempting cleanup 
[26/01/2026 10:58:28.65] Phase 4: Complete 
[26/01/2026 10:58:28.68] Phase 5: Starting Dashboard Server on port 8000... 
[26/01/2026 10:58:32.21] Dashboard server started successfully 
[26/01/2026 10:58:32.21] Phase 5: Complete 
[26/01/2026 10:58:32.24] Phase 6: Starting Update Server on port 5000... 
[26/01/2026 10:58:36.24] Update server started successfully 
[26/01/2026 10:58:36.26] Phase 6: Complete 
[26/01/2026 10:58:36.31] ====== LAUNCHER COMPLETE ====== 
 
[26/01/2026 10:57:40.68] Extra kill PID 1070648 on port 5000 
[26/01/2026 10:58:46.12] Phase 1: Complete - All Python processes terminated 
[26/01/2026 10:58:46.14] Phase 2: Clearing Python cache... 
[26/01/2026 10:58:46.31] Phase 2: Complete 
[26/01/2026 10:58:46.33] Phase 3: Validating ports are free... 
[26/01/2026 10:58:46.50] Port 8000: Still in use - attempting cleanup 
[26/01/2026 10:58:23.44] Killed stubborn PID 1070648 on 5000 
[26/01/2026 10:59:09.52] Phase 3: Complete 
[26/01/2026 10:59:09.83] Phase 4: Checking dependencies... 
[26/01/2026 10:59:16.56] Phase 4: Complete 
[26/01/2026 10:59:16.56] Phase 5: Starting Dashboard Server on port 8000... 
[26/01/2026 10:59:18.35] Dashboard server started successfully 
[26/01/2026 10:59:18.39] Phase 5: Complete 
[26/01/2026 10:59:18.49] Phase 6: Starting Update Server on port 5000... 
[26/01/2026 10:59:21.26] Update server started successfully 
[26/01/2026 10:59:21.27] Phase 6: Complete 
[26/01/2026 10:59:21.32] ====== LAUNCHER COMPLETE ====== 
 
[26/01/2026 10:58:46.50] Killed stubborn PID 1442224 on 8000 
[26/01/2026 10:58:46.50] Killed stubborn PID 1442224 on 8000 
[26/01/2026 11:00:50.25] Port 5000: Still in use - attempting cleanup 
[26/01/2026 11:00:50.25] Killed stubborn PID 1087248 on 5000 
[26/01/2026 11:00:50.25] Killed stubborn PID 1611076 on 5000 
[26/01/2026 11:01:57.22] Phase 3: Complete 
[26/01/2026 11:01:57.23] Phase 4: Checking dependencies... 
[26/01/2026 11:01:59.92] Phase 4: Complete 
[26/01/2026 11:01:59.93] Phase 5: Starting Dashboard Server on port 8000... 
[26/01/2026 11:02:02.26] Dashboard server started successfully 
[26/01/2026 11:02:02.27] Phase 5: Complete 
[26/01/2026 11:02:02.31] Phase 6: Starting Update Server on port 5000... 
[26/01/2026 11:02:05.79] Update server started successfully 
[26/01/2026 11:02:05.91] Phase 6: Complete 
[26/01/2026 11:02:06.18] ====== LAUNCHER COMPLETE ====== 
 
